>>> boardsize 3
weizigo-oracle: artifacts/oracle-3x3.wzo (3x3, 12675 legal/side)
weizigo-oracle: transcript -> artifacts/../log/weizigo-1785097793.log
>>> clear_board
>>> komi 0
>>> genmove b
oracle: b -> B2  child-value=9 stored-v0=9 KO_SENSITIVE dtt=2
>>> play w A2
>>> genmove b
oracle: b -> B3  child-value=9 stored-v0=9 KO_SENSITIVE dtt=4
>>> genmove b
oracle: b -> A3  child-value=9 stored-v0=9 dtt=2
>>> genmove b
oracle: b -> C3  child-value=9 stored-v0=9 dtt=2
>>> play w B1
>>> genmove b
oracle: b -> pass  child-value=-9 stored-v0=9 (HISTORY-DIVERGED) KO_SENSITIVE dtt=1
>>> play w C2
>>> genmove b
oracle: b -> pass  child-value=-9 stored-v0=-9 dtt=1
>>> play w A1
>>> genmove b
oracle: b -> pass  child-value=-9 stored-v0=-9 dtt=1
>>> play w B2
>>> genmove b
oracle: b -> pass  child-value=-9 stored-v0=-9 dtt=1
>>> final_score
>>> quit
