>>> boardsize 3
2026-07-26 22:30:18+0200: Running with following config:
allowResignation = false
chosenMoveTemperature = 0
chosenMoveTemperatureEarly = 0
dynamicPlayoutDoublingAdvantageCapPerOppLead = 0
logAllGTPCommunication = true
logDir = untracked/katago-logs
logSearchInfo = true
logSearchInfoForChosenMove = true
logToStderr = true
maxVisits = 2000
numSearchThreads = 2
ponderingEnabled = false
resignConsecTurns = 10
resignThreshold = -0.99
rules = tromp-taylor
startupPrintMessageToStderr = true

2026-07-26 22:30:18+0200: GTP Engine starting...
2026-07-26 22:30:18+0200: KataGo v1.16.5
2026-07-26 22:30:18+0200: Using TrompTaylor rules initially, unless GTP/GUI overrides this
2026-07-26 22:30:18+0200: Using 2 CPU thread(s) for search
2026-07-26 22:30:18+0200: nnRandSeed0 = 4396291752301033147
2026-07-26 22:30:18+0200: After dedups: nnModelFile0 = /opt/homebrew/Cellar/katago/1.16.5/share/katago/g170-b40c256x2-s5095420928-d1229425124.bin.gz useFP16 auto useNHWC auto
2026-07-26 22:30:18+0200: Initializing neural net buffer to be size 19 * 19 exactly
Metal backend 0: GPU mode - using MPSGraph (GPU)
Metal backend: MPSGraph initialized on Apple M5 Max (mask optimized)
Metal backend 0: Initialized MPSGraph GPU-only mode
2026-07-26 22:30:19+0200: Loaded neural net with nnXLen 19 nnYLen 19
2026-07-26 22:30:19+0200: Initializing board with boardXSize 19 boardYSize 19
2026-07-26 22:30:19+0200: Loaded config untracked/katago-match.cfg
2026-07-26 22:30:19+0200: Loaded model /opt/homebrew/Cellar/katago/1.16.5/share/katago/g170-b40c256x2-s5095420928-d1229425124.bin.gz
2026-07-26 22:30:19+0200: Model name: g170-b40c256x2-s5095420928-d1229425124
2026-07-26 22:30:19+0200: GTP ready, beginning main protocol loop
2026-07-26 22:30:19+0200: Controller: boardsize 3
2026-07-26 22:30:19+0200: GPU -1 finishing, processed 0 rows 0 batches
2026-07-26 22:30:19+0200: Cleaned up old neural net and bot
2026-07-26 22:30:19+0200: nnRandSeed0 = 6707043274285025750
2026-07-26 22:30:19+0200: After dedups: nnModelFile0 = /opt/homebrew/Cellar/katago/1.16.5/share/katago/g170-b40c256x2-s5095420928-d1229425124.bin.gz useFP16 auto useNHWC auto
2026-07-26 22:30:19+0200: Initializing neural net buffer to be size 3 * 3 exactly
Metal backend 0: GPU mode - using MPSGraph (GPU)
Metal backend: MPSGraph initialized on Apple M5 Max (mask optimized)
Metal backend 0: Initialized MPSGraph GPU-only mode
2026-07-26 22:30:20+0200: Loaded neural net with nnXLen 3 nnYLen 3
2026-07-26 22:30:20+0200: Initializing board with boardXSize 3 boardYSize 3
2026-07-26 22:30:20+0200: = 
>>> clear_board
2026-07-26 22:30:20+0200: Controller: clear_board
2026-07-26 22:30:20+>>> komi 0
0200: = 
2026-07-26 22:30:20+0200: Controller: komi 0
2026-07-26 22:30:20+0200: = 
>>> play b B2
2026-07-26 22:30:20+0200: Controller: play b B2
2026-07-26 22:30:20+0200: = 
>>> genmove w
2026-07-26 22:30:20+0200: Controller: genmove w
2026-07-26 22:30:22+0200: MoveNum: 1 HASH: BCD32A5AC99A98B88EEACB7AF641CDC5
   A B C
 3 . . .
 2 . X1.
 1 . . .

koPOSITIONALscoreAREAtaxNONEsui1komi0
Time taken: 2.39395
Root visits: 2001
New playouts: 2001
NN rows: 605
NN batches: 572
NN avg batch size: 1.05769
PV: pass pass
Tree:
: T -131.38c W -99.09c S -31.17c (-10.0 L  -8.8) N    2001  --  pass pass
---White(^)---
pss : T -131.54c W -99.18c S -31.52c ( -9.8 L  -8.8) LCB -133.22c P 44.43% WF 1490.8 PSV    1493 N    1492  --  pass pass
pss pss : T -132.91c W -100.00c S -32.91c ( -9.0 L  -9.0) LCB -132.91c P  8.46% WF 472.8 PSV    1317 N     467  --  pass
pss A2  : T -131.55c W -99.14c S -30.91c (-10.5 L  -8.9) LCB -128.02c P 25.54% WF 377.5 PSV     378 N     378  --  A2 pass pass
pss C2  : T -131.26c W -99.09c S -30.94c (-10.3 L  -8.8) LCB -127.84c P 25.53% WF 323.6 PSV     325 N     325  --  C2 pass pass
pss B1  : T -131.18c W -99.07c S -30.80c ( -9.9 L  -8.6) LCB -126.22c P 14.23% WF 177.2 PSV     178 N     178  --  B1 pass pass
pss B3  : T -129.80c W -98.02c S -30.66c (-10.1 L  -8.7) LCB -120.12c P 17.04% WF 127.0 PSV     129 N     129  --  B3 pass pass
pss A1  : T -130.14c W -99.44c S -30.01c ( -6.7 L  -7.4) LCB -123.56c P  1.35% WF  10.9 PSV      11 N      11  --  A1 C2 B3 pass C3
pss A3  : T -40.56c W -58.68c S  18.12c ( +6.2 L  -2.7) LCB  309.44c P  2.81% WF   0.8 PSV       1 N       1  --  A3
pss C1  : T  30.16c W  19.02c S  11.13c ( +4.9 L  -1.3) LCB  380.16c P  2.57% WF   0.6 PSV       1 N       1  --  C1
pss C3  : T  30.16c W  19.02c S  11.13c ( +4.9 L  -1.3) LCB  380.16c P  2.48% WF   0.6 PSV       1 N       1  --  C3
A2  : T -130.94c W -98.81c S -30.21c (-10.6 L  -8.8) LCB -134.20c P  7.26% WF 468.4 PSV     460 N     466  --  A2 B3 C2 B1 pass C3 pass C1
A1  : T -132.21c W -99.47c S -31.28c (-11.2 L  -9.2) LCB -133.90c P  1.99% WF  40.8 PSV      40 N      41  --  A1 A2 pass B1 pass pass

2026-07-26 22:30:22+0200: = pass
>>> final_score
2026-07-26 22:30:22+0200: Controller: final_score
2026-07-26 22:30:23+0200: = B+10.0
>>> quit
2026-07-26 22:30:23+0200: Controller: quit
2026-07-26 22:30:23+0200: Quit requested by controller
2026-07-26 22:30:23+0200: = 
