>>> boardsize 3
2026-07-26 22:30:30+0200: Running with following config:
allowResignation = false
chosenMoveTemperature = 0
chosenMoveTemperatureEarly = 0
dynamicPlayoutDoublingAdvantageCapPerOppLead = 0
logAllGTPCommunication = true
logDir = untracked/katago-logs
logSearchInfo = true
logSearchInfoForChosenMove = true
logToStderr = true
maxVisits = 2000
numSearchThreads = 2
ponderingEnabled = false
resignConsecTurns = 10
resignThreshold = -0.99
rules = tromp-taylor
startupPrintMessageToStderr = true

2026-07-26 22:30:30+0200: GTP Engine starting...
2026-07-26 22:30:30+0200: KataGo v1.16.5
2026-07-26 22:30:30+0200: Using TrompTaylor rules initially, unless GTP/GUI overrides this
2026-07-26 22:30:30+0200: Using 2 CPU thread(s) for search
2026-07-26 22:30:30+0200: nnRandSeed0 = 6647344065756557670
2026-07-26 22:30:30+0200: After dedups: nnModelFile0 = /opt/homebrew/Cellar/katago/1.16.5/share/katago/g170-b40c256x2-s5095420928-d1229425124.bin.gz useFP16 auto useNHWC auto
2026-07-26 22:30:30+0200: Initializing neural net buffer to be size 19 * 19 exactly
Metal backend 0: GPU mode - using MPSGraph (GPU)
Metal backend: MPSGraph initialized on Apple M5 Max (mask optimized)
Metal backend 0: Initialized MPSGraph GPU-only mode
2026-07-26 22:30:31+0200: Loaded neural net with nnXLen 19 nnYLen 19
2026-07-26 22:30:31+0200: Initializing board with boardXSize 19 boardYSize 19
2026-07-26 22:30:31+0200: Loaded config untracked/katago-match.cfg
2026-07-26 22:30:31+0200: Loaded model /opt/homebrew/Cellar/katago/1.16.5/share/katago/g170-b40c256x2-s5095420928-d1229425124.bin.gz
2026-07-26 22:30:31+0200: Model name: g170-b40c256x2-s5095420928-d1229425124
2026-07-26 22:30:31+0200: GTP ready, beginning main protocol loop
2026-07-26 22:30:31+0200: Controller: boardsize 3
2026-07-26 22:30:31+0200: GPU -1 finishing, processed 0 rows 0 batches
2026-07-26 22:30:31+0200: Cleaned up old neural net and bot
2026-07-26 22:30:31+0200: nnRandSeed0 = 7223296627676565758
2026-07-26 22:30:31+0200: After dedups: nnModelFile0 = /opt/homebrew/Cellar/katago/1.16.5/share/katago/g170-b40c256x2-s5095420928-d1229425124.bin.gz useFP16 auto useNHWC auto
2026-07-26 22:30:31+0200: Initializing neural net buffer to be size 3 * 3 exactly
Metal backend 0: GPU mode - using MPSGraph (GPU)
Metal backend: MPSGraph initialized on Apple M5 Max (mask optimized)
Metal backend 0: Initialized MPSGraph GPU-only mode
2026-07-26 22:30:32+0200: Loaded neural net with nnXLen 3 nnYLen 3
2026-07-26 22:30:32+0200: Initializing board with boardXSize 3 boardYSize 3
2026-07-26 22:30:32+0200: = 
>>> clear_board
2026-07-26 22:30:32+0200: Controller: clear_board
2026-07-26 22:30:32+0200: = 
>>> komi 0
2026-07-26 22:30:32+0200: Controller: komi 0
2026-07-26 22:30:32+0200: = 
>>> play b B2
2026-07-26 22:30:32+0200: Controller: play b B2
2026-07-26 22:30:32+0200: = 
>>> genmove w
2026-07-26 22:30:32+0200: Controller: genmove w
2026-07-26 22:30:34+0200: MoveNum: 1 HASH: BCD32A5AC99A98B88EEACB7AF641CDC5
   A B C
 3 . . .
 2 @ X1.
 1 . . .

koPOSITIONALscoreAREAtaxNONEsui1komi0
Time taken: 2.43614
Root visits: 2001
New playouts: 2001
NN rows: 615
NN batches: 589
NN avg batch size: 1.04414
PV: A2 B3 pass C2 pass A1 pass A3 pass pass
Tree:
: T -131.03c W -99.02c S -30.66c ( -9.9 L  -8.7) N    2001  --  A2 B3 pass C2 pass A1 pass
---White(^)---
A2  : T -130.81c W -99.05c S -29.98c (-10.0 L  -8.6) LCB -132.85c P 32.16% WF 1016.1 PSV    1535 N    1013  --  A2 B3 pass C2 pass A1 pass A3
A2  B3  : T -131.10c W -99.21c S -30.13c (-10.1 L  -8.7) LCB -128.89c P 52.13% WF 637.5 PSV     710 N     636  --  B3 pass C2 pass A1 pass A3 pass
A2  B1  : T -130.60c W -98.98c S -29.77c ( -9.9 L  -8.5) LCB -127.04c P 32.80% WF 373.9 PSV     375 N     375  --  B1 pass C2 pass A1 pass A3 pass
A2  C2  : T  52.07c W  40.04c S  12.03c ( +4.8 L  -0.1) LCB  402.07c P 14.02% WF   0.6 PSV       1 N       1  --  C2
pss : T -131.30c W -98.99c S -31.39c ( -9.8 L  -8.8) LCB -133.65c P 44.43% WF 972.0 PSV     973 N     975  --  pass pass
A1  : T -132.84c W -99.31c S -31.67c (-11.7 L  -9.4) LCB -138.23c P  1.04% WF  11.9 PSV      11 N      12  --  A1 B1 pass A2 pass pass

2026-07-26 22:30:34+0200: = A2
>>> play b B3
2026-07-26 22:30:34+0200: Controller: play b B3
2026-07-26 22:30:34+020>>> genmove w
0: = 
2026-07-26 22:30:34+0200: Controller: genmove w
2026-07-26 22:30:35+0200: MoveNum: 3 HASH: 87EEC327E646FA6FE8EBEE54321FBB60
   A B C
 3 . X3.
 2 O2X1@
 1 . . .

koPOSITIONALscoreAREAtaxNONEsui1komi0
Time taken: 0.620166
Root visits: 2001
New playouts: 1365
NN rows: 159
NN batches: 158
NN avg batch size: 1.00633
PV: C2 B1 pass A1 pass A3 pass C3 pass C1 pass pass
Tree:
: T -109.69c W -99.49c S -10.76c ( -9.9 L  -8.8) N    2001  --  C2 B1 pass A1 pass A3 pass
---White(^)---
C2  : T -109.23c W -99.41c S -10.62c (-10.0 L  -8.8) LCB -111.78c P 30.49% WF 774.9 PSV    1152 N     771  --  C2 B1 pass A1 pass A3 pass C3
C2  B1  : T -109.70c W -99.79c S -10.73c (-10.1 L  -8.8) LCB -107.95c P 89.92% WF 768.5 PSV     767 N     767  --  B1 pass A1 pass A3 pass C3 pass
C2  C1  : T 128.92c W  99.82c S  29.09c ( +3.0 L +11.6) LCB  478.92c P  4.85% WF   0.5 PSV       1 N       1  --  C1
C2  A3  : T 119.69c W  87.58c S  32.11c ( +6.3 L  +2.3) LCB  469.69c P  2.31% WF   0.5 PSV       1 N       1  --  A3
C2  A1  : T 127.92c W  99.87c S  28.06c ( +2.2 L +12.0) LCB  477.92c P  1.75% WF   0.5 PSV       1 N       1  --  A1
pss : T -109.87c W -99.61c S -10.73c ( -9.8 L  -8.8) LCB -111.83c P 57.70% WF 1104.1 PSV    1107 N    1107  --  pass C2 pass A3 pass A1 pass pass
B1  : T -110.37c W -98.93c S -11.42c (-10.1 L  -8.9) LCB -120.22c P  7.02% WF 103.4 PSV      80 N     104  --  B1 C2 pass C1 pass A1 pass A3
A3  : T -115.42c W -99.31c S -15.62c (-12.0 L  -9.4) LCB -143.78c P  1.59% WF   8.8 PSV       7 N       9  --  A3 C2 pass
A1  : T -115.22c W -98.94c S -17.82c (-12.6 L  -9.9) LCB -148.18c P  1.06% WF   6.9 PSV       5 N       7  --  A1 A3 C2
C3  : T -131.62c W -98.86c S -32.76c (-17.9 L -12.5) LCB -481.62c P  1.32% WF   0.9 PSV       1 N       1  --  C3
C1  : T -132.13c W -98.33c S -33.80c (-19.2 L -13.6) LCB -482.13c P  0.82% WF   0.9 PSV       1 N       1  --  C1

2026-07-26 22:30:35+0200: = C2
>>> play b A3
2026-07-26 22:30:35+0200: Controller: play b A3
2026-07-26>>> genmove w
 22:30:35+0200: = 
2026-07-26 22:30:35+0200: Controller: genmove w
2026-07-26 22:30:35+0200: MoveNum: 5 HASH: 99C645AE53D629EB244D17DEA7016321
   A B C
 3 X3X1.
 2 O X O2
 1 . . .

koPOSITIONALscoreAREAtaxNONEsui1komi0
Time taken: 0.359824
Root visits: 2001
New playouts: 2000
NN rows: 91
NN batches: 91
NN avg batch size: 1
PV: pass B1 C1 A1 pass C3 pass pass
Tree:
: T -132.35c W -99.62c S -32.42c ( -9.3 L  -8.9) N    2001  --  pass B1 C1 A1 pass C3 pass
---White(^)---
pss : T -132.15c W -99.83c S -31.72c ( -9.4 L  -8.8) LCB -133.02c P 18.09% WF 477.9 PSV    2681 N     476  --  pass B1 C1 A1 pass C3 pass pass
pss B1  : T -132.29c W -99.92c S -31.76c ( -9.4 L  -8.8) LCB -132.03c P 86.89% WF 474.2 PSV     474 N     474  --  B1 C1 A1 pass C3 pass pass
pss A1  : T -41.81c W -49.81c S   8.00c ( +5.6 L  -1.1) LCB  308.19c P 11.93% WF   0.8 PSV       1 N       1  --  A1
pss pss : T -124.23c W -100.00c S -24.23c ( -1.0 L  -1.0) LCB 1400.00c P  0.01% WF   0.0 PSV       0 N       1  --  pass
B1  : T -132.78c W -99.74c S -32.92c ( -9.0 L  -9.0) LCB -133.73c P 72.41% WF 1161.1 PSV    1165 N    1166  --  B1 A1 C1 C3 pass pass
C3  : T -131.60c W -99.34c S -31.37c ( -9.6 L  -8.8) LCB -135.39c P  3.92% WF 234.9 PSV     229 N     233  --  C3 B1 pass A1 pass C1 pass pass
C1  : T -132.25c W -99.76c S -31.54c ( -9.9 L  -8.9) LCB -132.80c P  3.83% WF  90.2 PSV      90 N      90  --  C1 B1 pass A1 pass C3 pass pass
A1  : T -132.45c W -99.65c S -31.61c (-10.8 L  -9.2) LCB -133.44c P  1.75% WF  35.0 PSV      35 N      35  --  A1 B1 pass C3 pass C1 pass pass

2026-07-26 22:30:35+0200: = pass
>>> play b A1
2026-07-26 22:30:35+0200: Controller: play b A1
2026->>> genmove w
07-26 22:30:35+0200: = 
2026-07-26 22:30:35+0200: Controller: genmove w
2026-07-26 22:30:35+0200: MoveNum: 7 HASH: 238CC9A6481DE76D2C2619C3BA32F96F
   A B C
 3 X1X .
 2 . X O
 1 X3@ .

koPOSITIONALscoreAREAtaxNONEsui1komi0
Time taken: 0.0430468
Root visits: 2001
New playouts: 2001
NN rows: 11
NN batches: 10
NN avg batch size: 1.1
PV: B1 C1 pass C3 pass pass
Tree:
: T -132.26c W -99.82c S -32.39c ( -9.0 L  -8.9) N    2001  --  B1 C1 pass C3 pass pass
---White(^)---
B1  : T -132.44c W -99.84c S -32.59c ( -9.0 L  -9.0) LCB -133.60c P 74.93% WF 1284.1 PSV    1286 N    1286  --  B1 C1 pass C3 pass pass
B1  C1  : T -132.54c W -99.91c S -32.61c ( -9.0 L  -9.0) LCB -131.84c P 95.81% WF 1284.5 PSV    1284 N    1284  --  C1 pass C3 pass pass
B1  pss : T 131.87c W  99.88c S  32.00c (+11.6 L +13.7) LCB  481.87c P  2.54% WF   0.5 PSV       1 N       1  --  pass
pss : T -132.14c W -99.82c S -32.19c ( -9.0 L  -8.9) LCB -133.61c P 23.44% WF 606.4 PSV     601 N     605  --  pass B1 pass C3 pass C1 pass pass
C1  : T -131.57c W -99.89c S -30.47c ( -9.6 L  -8.8) LCB -132.46c P  0.84% WF  56.3 PSV      53 N      56  --  C1 B1 pass C3 pass pass
C3  : T -131.55c W -99.74c S -30.50c ( -9.4 L  -8.8) LCB -132.48c P  0.78% WF  53.3 PSV      52 N      53  --  C3 C1 pass pass

2026-07-26 22:30:35+0200: = B1
>>> genmove w
2026-07-26 22:30:35+0200: Controller: genmove w
2026-07-26 22:30:36+0200: MoveNum: 0 HASH: D6BD967BDD64844C1E2D67EEF574B351
   A B C
 3 X X .
 2 @ X O
 1 X O .

koPOSITIONALscoreAREAtaxNONEsui1komi0
Time taken: 0.536546
Root visits: 2001
New playouts: 2001
NN rows: 139
NN batches: 136
NN avg batch size: 1.02206
PV: A2 pass C3 pass pass
Tree:
: T 102.99c W  99.68c S   4.85c ( +9.1 L  +8.9) N    2001  --  A2 pass C3 pass pass
---White(^)---
A2  : T 103.10c W  99.78c S   4.90c ( +9.1 L  +8.9) LCB  102.13c P 98.46% WF 1999.0 PSV    1998 N    1997  --  A2 pass C3 pass pass
A2  pss : T 103.20c W  99.87c S   4.89c ( +9.1 L  +8.9) LCB  104.01c P 95.00% WF 1921.1 PSV    1921 N    1921  --  pass C3 pass pass
A2  C3  : T 103.35c W  99.71c S   5.98c ( +9.3 L  +8.9) LCB  109.46c P  5.00% WF  74.9 PSV      75 N      75  --  C3 pass pass
C1  : T -134.74c W -99.33c S -35.41c (-13.6 L -11.8) LCB -484.74c P  0.91% WF   0.5 PSV       0 N       1  --  C1
C3  : T -134.59c W -99.94c S -34.65c (-11.4 L -17.9) LCB -484.59c P  0.58% WF   0.5 PSV       0 N       1  --  C3

2026-07-26 22:30:36+0200: = A2
>>> genmove w
2026-07-26 22:30:36+0200: Controller: genmove w
2026-07-26 22:30:36+0200: MoveNum: 0 HASH: 6CF71A73C6AF4ACA164669F3E847291F
   A B C
 3 X X @
 2 O X O
 1 . O .

koPOSITIONALscoreAREAtaxNONEsui1komi0
Time taken: 0.0509528
Root visits: 2001
New playouts: 2001
NN rows: 12
NN batches: 12
NN avg batch size: 1
PV: C3 pass pass
Tree:
: T  93.96c W  99.92c S  -1.97c ( +9.1 L  +8.9) N    2001  --  C3 pass pass
---White(^)---
C3  : T  94.01c W  99.98c S  -1.97c ( +9.1 L  +8.9) LCB   93.42c P 98.99% WF 1999.5 PSV    1999 N    1999  --  C3 pass pass
C3  pss : T  93.76c W  99.99c S  -2.57c ( +9.1 L  +8.9) LCB   94.30c P 68.84% WF 1783.6 PSV    1780 N    1779  --  pass pass
C3  A3  : T  95.83c W  99.95c S   0.72c ( +9.4 L  +8.9) LCB  100.12c P 14.07% WF 107.3 PSV     109 N     109  --  A3 B2 pass B3 pass pass
C3  B3  : T  97.17c W  99.82c S   1.95c ( +9.7 L  +9.0) LCB  103.40c P 10.50% WF  55.8 PSV      57 N      57  --  B3 A1 pass B2 pass A3 pass
C3  B2  : T  95.85c W  99.83c S   0.31c ( +9.4 L  +8.8) LCB  101.63c P  6.59% WF  51.3 PSV      52 N      52  --  B2 B3 pass pass
C1  : T -133.06c W -99.93c S -33.13c ( -7.1 L -13.9) LCB -483.06c P  0.94% WF   0.5 PSV       0 N       1  --  C1

2026-07-26 22:30:36+0200: = C3
>>> genmove w
2026-07-26 22:30:36+0200: Controller: genmove w
2026-07-26 22:30:36+0200: MoveNum: 0 HASH: 93A6C3E6945BB10068CF1A36E6455A4A
   A B C
 3 . . O
 2 O . O
 1 @ O .

koPOSITIONALscoreAREAtaxNONEsui1komi0
Time taken: 0.0229977
Root visits: 2001
New playouts: 2001
NN rows: 5
NN batches: 5
NN avg batch size: 1
PV: A1 pass pass
Tree:
: T  87.61c W  99.99c S -10.01c ( +9.1 L  +9.0) N    2001  --  A1 pass pass
---White(^)---
A1  : T  87.78c W  99.99c S  -9.16c ( +9.1 L  +9.0) LCB   86.64c P 14.16% WF 480.1 PSV     803 N     479  --  A1 pass pass
A1  pss : T  87.33c W  99.99c S -10.51c ( +9.1 L  +9.0) LCB   88.31c P 62.87% WF 406.1 PSV     405 N     405  --  pass pass
A1  B3  : T  90.03c W  99.89c S  -4.56c ( +9.6 L  +9.0) LCB   97.20c P 17.41% WF  33.5 PSV      34 N      34  --  B3 B2 pass A3 pass pass
A1  B2  : T  90.16c W  99.97c S  -5.67c ( +9.3 L  +8.8) LCB   97.45c P 10.48% WF  26.6 PSV      27 N      27  --  B2 B3 pass pass
A1  A3  : T  92.27c W  99.96c S  -2.84c ( +9.7 L  +8.9) LCB  106.80c P  9.24% WF  11.7 PSV      12 N      12  --  A3 B3 pass pass
B2  : T  87.38c W 100.00c S -10.60c ( +9.1 L  +9.0) LCB   86.64c P 39.55% WF 796.2 PSV     798 N     798  --  B2 pass pass
pss : T  87.26c W  99.99c S -11.69c ( +9.1 L  +9.0) LCB   86.36c P 24.58% WF 442.6 PSV     443 N     444  --  pass pass
A3  : T  88.93c W  99.98c S  -7.26c ( +9.1 L  +8.8) LCB   84.69c P  9.24% WF 172.9 PSV     171 N     171  --  A3 pass pass
B3  : T  87.68c W  99.99c S -10.51c ( +8.9 L  +8.8) LCB   83.69c P 12.00% WF 108.1 PSV     108 N     108  --  B3 pass pass

2026-07-26 22:30:36+0200: = A1
>>> genmove w
2026-07-26 22:30:36+0200: Controller: genmove w
2026-07-26 22:30:36+0200: MoveNum: 0 HASH: 448E6B755F0B4F7798793188863D95C9
   A B C
 3 . . O
 2 O . O
 1 O O .

koPOSITIONALscoreAREAtaxNONEsui1komi0
Time taken: 0.0102138
Root visits: 2001
New playouts: 2001
NN rows: 2
NN batches: 2
NN avg batch size: 1
PV: pass pass
Tree:
: T  85.34c W 100.00c S -14.12c ( +9.0 L  +9.0) N    2001  --  pass pass
---White(^)---
pss : T  85.34c W 100.00c S -14.19c ( +9.0 L  +9.0) LCB   84.96c P 44.69% WF 1127.2 PSV    1504 N    1127  --  pass pass
pss pss : T  85.05c W 100.00c S -14.95c ( +9.0 L  +9.0) LCB   85.05c P 68.52% WF 1047.8 PSV    1046 N    1046  --  pass
pss B3  : T  88.84c W  99.88c S  -6.36c ( +9.7 L  +9.1) LCB   96.28c P 11.88% WF  31.3 PSV      32 N      32  --  B3 B2 pass A3 pass pass
pss B2  : T  89.22c W  99.97c S  -7.56c ( +9.3 L  +8.7) LCB   96.69c P 10.37% WF  27.4 PSV      28 N      28  --  B2 B3 pass pass
pss A3  : T  89.95c W  99.97c S  -5.57c ( +9.6 L  +8.9) LCB  101.00c P  9.24% WF  19.5 PSV      20 N      20  --  A3 B3 pass pass
B2  : T  85.31c W 100.00c S -14.03c ( +9.0 L  +9.0) LCB   84.68c P 13.72% WF 431.9 PSV     331 N     432  --  B2 pass pass
B3  : T  85.21c W 100.00c S -14.59c ( +9.0 L  +9.0) LCB   83.66c P 30.27% WF 315.6 PSV     287 N     316  --  B3 pass pass
A3  : T  85.56c W  99.99c S -12.95c ( +9.0 L  +8.9) LCB   82.76c P 11.31% WF 125.2 PSV     113 N     125  --  A3 pass pass

2026-07-26 22:30:36+0200: = pass
>>> final_score
2026-07-26 22:30:36+0200: Controller: final_score
2026-07-26 22:30:36+0200: = W+10.0
>>> quit
2026-07-26 22:30:36+0200: Controller: quit
2026-07-26 22:30:36+0200: Quit requested by controller
2026-07-26 22:30:36+0200: = 
