[runner] argv = zig run -O ReleaseFast src/qa023_probe.zig -- cycle-census-3x2 --max-cycle-len 20 --max-cycles 1000000000
[runner] rss cap = 4096 MB, poll = 250 ms
# qa023 probe — 3x2 cycle census: directed cycles in the reachable legal-move graph
# (TIE constant is irrelevant; this is graph structure, not evaluation.)
# cycle census: reachable V = 2682
# cycle census: directed edges E = 5744
# SCCs: total = 987, non-trivial (size >= 2) = 1, max size = 1696
# SCC size histogram (size 0..14, index 15 = size >= 15):
#   size 1: 986 SCCs
#   size 15+: 1 SCCs
# cycle-involved vertices (lie on a directed cycle): 1696
# cycle-REACHABLE vertices (forward-reachable set touches a cycle): 1724
# simple directed cycles found (cycle-length cap = 20, total cap = 1000000000): 16192056
# max cycle length observed: 20
# cycle histogram by length (length 2..20; index 19 = length >= 20):
#   length 2: 0
#   length 3: 0
#   length 4: 0
#   length 5: 0
#   length 6: 16
#   length 7: 0
#   length 8: 1296
#   length 9: 0
#   length 10: 11004
#   length 11: 0
#   length 12: 25060
#   length 13: 0
#   length 14..20: 16154680
# sample cycle (length 6): [79, 563, 172, 660, 443, 546]
# sample cycle (length 8): [3, 687, 209, 700, 223, 1564, 160, 649]
# sample cycle (length 14): [1, 1484, 144, 592, 1025, 593, 1026, 618, 1051, 789, 51, 528, 961, 590]
# === 2B-2 cycle-census verdict ===
# reachable V = 2682, E = 5744, non-trivial SCCs = 1, cycles_found = 16192056, cycle-involved = 1696, cycle-reachable = 1724
# CLAIM 3x2.QA023.B-VACUITY: PASS — reachable directed cycles > 0 (3x2 IS a non-trivial test surface)
[runner] peak RSS by PID:
[runner]   pid   90339      45 MB
[runner] exit 0 in 40.8 s
