[runner] argv = ./zig-out/bin/verify-battery 3x2 artifacts/oracle-3x2.wzo --output docs/evidence/BATTERY/fleet/3x2-psk.jsonl
[runner] guards: rss 4096 MB, progress-timeout 600s (10:00), fallback: wall 1800s cpu 3600s (silent children), poll = 250 ms
artifact: artifacts/oracle-3x2.wzo  3x2  total=729  legal=489  rules=Chinese area, komi 0, positional superko  sha256=d4d22c0d9f1d771bfcb1d99fc43a4f19f652205113ff599123b189097b3bb523
[I5] all-legal seeds: 489 legal positions × 2 sides = 978 root nodes
[I5] BFS: V=2958 nodes, E=8656 edges  (p0=1002 p1=978 p2=978)
[I5] Tarjan: SCCs total=439 non-trivial=1 maxSize=1000 cycleInvolved=1000 cycleReachable=2886
[I5] KO_SENSITIVE flags: 378 total, 0 NOT cycle-reachable
error(DebugAllocator): memory address 0x105a20200 leaked: 
:661:52: 0x100ee8e33 in toOwnedSlice (verify-battery)
            const new_memory = try gpa.alignedAlloc(T, alignment, self.items.len);
                                                   ^
/Users/alex/Project/Zig/weizigo/src/verify_battery.zig:430:29: 0x100e9ca2f in resolveInvariants (verify-battery)
    return list.toOwnedSlice(allocator);
                            ^
/Users/alex/Project/Zig/weizigo/src/verify_battery.zig:799:41: 0x100e9db8b in main (verify-battery)
    const invariants = resolveInvariants(&cfg, allocator) catch { note("error: can't resolve invariants\n", .{}); return 3; };
                                        ^
/opt/homebrew/Cellar/zig/0.16.0_1/lib/zig/std/start.zig:737:30: 0x100e95dc3 in callMain (verify-battery)
    return wrapMain(root.main(.{
                             ^
???:?:?: 0x18b497dff in start (/usr/lib/dyld)

error(DebugAllocator): memory address 0x105ae0200 leaked: 
/opt/homebrew/Cellar/zig/0.16.0_1/lib/zig/std/array_list.zig:1235:56: 0x100ee847f in ensureTotalCapacityPrecise (verify-battery)
                const new_memory = try gpa.alignedAlloc(T, alignment, new_capacity);
                                                       ^
/opt/homebrew/Cellar/zig/0.16.0_1/lib/zig/std/array_list.zig:1211:51: 0x100ef7527 in ensureTotalCapacity (verify-battery)
            return self.ensureTotalCapacityPrecise(gpa, growCapacity(new_capacity));
                                                  ^
/opt/homebrew/Cellar/zig/0.16.0_1/lib/zig/std/array_list.zig:1265:41: 0x100ef7373 in addOne (verify-battery)
            try self.ensureTotalCapacity(gpa, newlen);
                                        ^
/opt/homebrew/Cellar/zig/0.16.0_1/lib/zig/std/array_list.zig:904:49: 0x100ef7197 in append (verify-battery)
            const new_item_ptr = try self.addOne(gpa);
                                                ^
/Users/alex/Project/Zig/weizigo/src/verify_battery.zig:686:25: 0x100e9d46b in main (verify-battery)
        args_list.append(allocator, std.mem.span(arg_ptr)) catch return 3;
                        ^
/opt/homebrew/Cellar/zig/0.16.0_1/lib/zig/std/start.zig:737:30: 0x100e95dc3 in callMain (verify-battery)
    return wrapMain(root.main(.{
                             ^
(additional stack frames may have been skipped...)

error(DebugAllocator): memory address 0x105ae0400 leaked: 
/opt/homebrew/Cellar/zig/0.16.0_1/lib/zig/std/array_list.zig:1235:56: 0x100ee847f in ensureTotalCapacityPrecise (verify-battery)
                const new_memory = try gpa.alignedAlloc(T, alignment, new_capacity);
                                                       ^
/opt/homebrew/Cellar/zig/0.16.0_1/lib/zig/std/array_list.zig:606:48: 0x100ee8123 in initCapacity (verify-battery)
            try self.ensureTotalCapacityPrecise(gpa, num);
                                               ^
/Users/alex/Project/Zig/weizigo/src/verify_battery.zig:800:60: 0x100e9ebbf in main (verify-battery)
    var inv_labels = std.ArrayList([]const u8).initCapacity(allocator, invariants.len) catch { note("error: oom\n", .{}); return 3; };
                                                           ^
/opt/homebrew/Cellar/zig/0.16.0_1/lib/zig/std/start.zig:737:30: 0x100e95dc3 in callMain (verify-battery)
    return wrapMain(root.main(.{
                             ^
???:?:?: 0x18b497dff in start (/usr/lib/dyld)

error(DebugAllocator): memory address 0x105b61000 leaked: 
/opt/homebrew/Cellar/zig/0.16.0_1/lib/zig/std/array_list.zig:1235:56: 0x100ee5997 in ensureTotalCapacityPrecise (verify-battery)
                const new_memory = try gpa.alignedAlloc(T, alignment, new_capacity);
                                                       ^
/opt/homebrew/Cellar/zig/0.16.0_1/lib/zig/std/array_list.zig:606:48: 0x100ee552b in initCapacity (verify-battery)
            try self.ensureTotalCapacityPrecise(gpa, num);
                                               ^
/Users/alex/Project/Zig/weizigo/src/verify_battery.zig:821:61: 0x100e9f2a3 in main (verify-battery)
    var results = std.ArrayList(vb.CheckResult).initCapacity(allocator, invariants.len) catch { note("error: oom\n", .{}); return 3; };
                                                            ^
/opt/homebrew/Cellar/zig/0.16.0_1/lib/zig/std/start.zig:737:30: 0x100e95dc3 in callMain (verify-battery)
    return wrapMain(root.main(.{
                             ^
???:?:?: 0x18b497dff in start (/usr/lib/dyld)

[runner] peak RSS by PID: in 0.3 s
[runner]   pid   85569       6 MB
[runner] peak total CPU by PID: in 0.3 s
[runner]   pid   85569        0:00 (0.14s)
[runner] exit 1 in 0.3 s
