[runner] argv = ./zig-out/bin/verify-battery 3x3 artifacts/oracle-3x3.wzo --output docs/evidence/BATTERY/fleet/3x3-psk.jsonl
[runner] guards: rss 4096 MB, progress-timeout 600s (10:00), fallback: wall 1800s cpu 3600s (silent children), poll = 250 ms
artifact: artifacts/oracle-3x3.wzo  3x3  total=19683  legal=12675  rules=Chinese area, komi 0, positional superko  sha256=c1f8fe5edac9a42710f57056c87e80b66b5bae5a8af610ba2b256af1e2805685
[I5] all-legal seeds: 12675 legal positions × 2 sides = 25350 root nodes
[I5] BFS: V=76818 nodes, E=303190 edges  (p0=26118 p1=25350 p2=25350)
[I5] Tarjan: SCCs total=3977 non-trivial=1 maxSize=26116 cycleInvolved=26116 cycleReachable=75890
[I5] KO_SENSITIVE flags: 8698 total, 0 NOT cycle-reachable
error(DebugAllocator): memory address 0x104e00200 leaked: 
:661:52: 0x104c00e33 in toOwnedSlice (verify-battery)
            const new_memory = try gpa.alignedAlloc(T, alignment, self.items.len);
                                                   ^
/Users/alex/Project/Zig/weizigo/src/verify_battery.zig:430:29: 0x104bb4a2f in resolveInvariants (verify-battery)
    return list.toOwnedSlice(allocator);
                            ^
/Users/alex/Project/Zig/weizigo/src/verify_battery.zig:799:41: 0x104bb5b8b in main (verify-battery)
    const invariants = resolveInvariants(&cfg, allocator) catch { note("error: can't resolve invariants\n", .{}); return 3; };
                                        ^
/opt/homebrew/Cellar/zig/0.16.0_1/lib/zig/std/start.zig:737:30: 0x104baddc3 in callMain (verify-battery)
    return wrapMain(root.main(.{
                             ^
???:?:?: 0x18b497dff in start (/usr/lib/dyld)

error(DebugAllocator): memory address 0x104ec0200 leaked: 
/opt/homebrew/Cellar/zig/0.16.0_1/lib/zig/std/array_list.zig:1235:56: 0x104c0047f in ensureTotalCapacityPrecise (verify-battery)
                const new_memory = try gpa.alignedAlloc(T, alignment, new_capacity);
                                                       ^
/opt/homebrew/Cellar/zig/0.16.0_1/lib/zig/std/array_list.zig:1211:51: 0x104c0f527 in ensureTotalCapacity (verify-battery)
            return self.ensureTotalCapacityPrecise(gpa, growCapacity(new_capacity));
                                                  ^
/opt/homebrew/Cellar/zig/0.16.0_1/lib/zig/std/array_list.zig:1265:41: 0x104c0f373 in addOne (verify-battery)
            try self.ensureTotalCapacity(gpa, newlen);
                                        ^
/opt/homebrew/Cellar/zig/0.16.0_1/lib/zig/std/array_list.zig:904:49: 0x104c0f197 in append (verify-battery)
            const new_item_ptr = try self.addOne(gpa);
                                                ^
/Users/alex/Project/Zig/weizigo/src/verify_battery.zig:686:25: 0x104bb546b in main (verify-battery)
        args_list.append(allocator, std.mem.span(arg_ptr)) catch return 3;
                        ^
/opt/homebrew/Cellar/zig/0.16.0_1/lib/zig/std/start.zig:737:30: 0x104baddc3 in callMain (verify-battery)
    return wrapMain(root.main(.{
                             ^
(additional stack frames may have been skipped...)

error(DebugAllocator): memory address 0x104ec0400 leaked: 
/opt/homebrew/Cellar/zig/0.16.0_1/lib/zig/std/array_list.zig:1235:56: 0x104c0047f in ensureTotalCapacityPrecise (verify-battery)
                const new_memory = try gpa.alignedAlloc(T, alignment, new_capacity);
                                                       ^
/opt/homebrew/Cellar/zig/0.16.0_1/lib/zig/std/array_list.zig:606:48: 0x104c00123 in initCapacity (verify-battery)
            try self.ensureTotalCapacityPrecise(gpa, num);
                                               ^
/Users/alex/Project/Zig/weizigo/src/verify_battery.zig:800:60: 0x104bb6bbf in main (verify-battery)
    var inv_labels = std.ArrayList([]const u8).initCapacity(allocator, invariants.len) catch { note("error: oom\n", .{}); return 3; };
                                                           ^
/opt/homebrew/Cellar/zig/0.16.0_1/lib/zig/std/start.zig:737:30: 0x104baddc3 in callMain (verify-battery)
    return wrapMain(root.main(.{
                             ^
???:?:?: 0x18b497dff in start (/usr/lib/dyld)

error(DebugAllocator): memory address 0x1098a1000 leaked: 
/opt/homebrew/Cellar/zig/0.16.0_1/lib/zig/std/array_list.zig:1235:56: 0x104bfd997 in ensureTotalCapacityPrecise (verify-battery)
                const new_memory = try gpa.alignedAlloc(T, alignment, new_capacity);
                                                       ^
/opt/homebrew/Cellar/zig/0.16.0_1/lib/zig/std/array_list.zig:606:48: 0x104bfd52b in initCapacity (verify-battery)
            try self.ensureTotalCapacityPrecise(gpa, num);
                                               ^
/Users/alex/Project/Zig/weizigo/src/verify_battery.zig:821:61: 0x104bb72a3 in main (verify-battery)
    var results = std.ArrayList(vb.CheckResult).initCapacity(allocator, invariants.len) catch { note("error: oom\n", .{}); return 3; };
                                                            ^
/opt/homebrew/Cellar/zig/0.16.0_1/lib/zig/std/start.zig:737:30: 0x104baddc3 in callMain (verify-battery)
    return wrapMain(root.main(.{
                             ^
???:?:?: 0x18b497dff in start (/usr/lib/dyld)

[runner] peak RSS by PID: in 5.5 s
[runner]   pid   85588      68 MB
[runner] peak total CPU by PID: in 5.5 s
[runner]   pid   85588        0:05 (5.32s)
[runner] exit 1 in 5.5 s
