[runner] argv = ./zig-out/bin/verify-battery 4x4 data/oracle-4x4-parallel.checkpoint.wzo --output docs/evidence/BATTERY/fleet/4x4-parallel-checkpoint.jsonl
[runner] guards: rss 4096 MB, progress-timeout 600s (10:00), fallback: wall 1800s cpu 3600s (silent children), poll = 250 ms
artifact: data/oracle-4x4-parallel.checkpoint.wzo  4x4  total=43046721  legal=24318165  rules=Chinese area, komi 0, positional superko  sha256=28afa11bf095554ed313a400a3a5eb871cc49c4bfdefe07e1f2e8f3037f3fc4a
[I5] WARNING: goban 4x4 linear space 1463588514 exceeds hash-map limit 50000000.
[I5] Full bitset BFS (i5-feasibility.md phase 1–3) not yet implemented in this module.
[I5] Run at 4×4 requires the rank-support bitset approach (~1.2 GB RSS).
error(DebugAllocator): memory address 0x100e40200 leaked: 
:661:52: 0x100c38e33 in toOwnedSlice (verify-battery)
            const new_memory = try gpa.alignedAlloc(T, alignment, self.items.len);
                                                   ^
/Users/alex/Project/Zig/weizigo/src/verify_battery.zig:430:29: 0x100beca2f in resolveInvariants (verify-battery)
    return list.toOwnedSlice(allocator);
                            ^
/Users/alex/Project/Zig/weizigo/src/verify_battery.zig:799:41: 0x100bedb8b in main (verify-battery)
    const invariants = resolveInvariants(&cfg, allocator) catch { note("error: can't resolve invariants\n", .{}); return 3; };
                                        ^
/opt/homebrew/Cellar/zig/0.16.0_1/lib/zig/std/start.zig:737:30: 0x100be5dc3 in callMain (verify-battery)
    return wrapMain(root.main(.{
                             ^
???:?:?: 0x18b497dff in start (/usr/lib/dyld)

error(DebugAllocator): memory address 0x100f00200 leaked: 
/opt/homebrew/Cellar/zig/0.16.0_1/lib/zig/std/array_list.zig:1235:56: 0x100c3847f in ensureTotalCapacityPrecise (verify-battery)
                const new_memory = try gpa.alignedAlloc(T, alignment, new_capacity);
                                                       ^
/opt/homebrew/Cellar/zig/0.16.0_1/lib/zig/std/array_list.zig:1211:51: 0x100c47527 in ensureTotalCapacity (verify-battery)
            return self.ensureTotalCapacityPrecise(gpa, growCapacity(new_capacity));
                                                  ^
/opt/homebrew/Cellar/zig/0.16.0_1/lib/zig/std/array_list.zig:1265:41: 0x100c47373 in addOne (verify-battery)
            try self.ensureTotalCapacity(gpa, newlen);
                                        ^
/opt/homebrew/Cellar/zig/0.16.0_1/lib/zig/std/array_list.zig:904:49: 0x100c47197 in append (verify-battery)
            const new_item_ptr = try self.addOne(gpa);
                                                ^
/Users/alex/Project/Zig/weizigo/src/verify_battery.zig:686:25: 0x100bed46b in main (verify-battery)
        args_list.append(allocator, std.mem.span(arg_ptr)) catch return 3;
                        ^
/opt/homebrew/Cellar/zig/0.16.0_1/lib/zig/std/start.zig:737:30: 0x100be5dc3 in callMain (verify-battery)
    return wrapMain(root.main(.{
                             ^
(additional stack frames may have been skipped...)

error(DebugAllocator): memory address 0x100f00400 leaked: 
/opt/homebrew/Cellar/zig/0.16.0_1/lib/zig/std/array_list.zig:1235:56: 0x100c3847f in ensureTotalCapacityPrecise (verify-battery)
                const new_memory = try gpa.alignedAlloc(T, alignment, new_capacity);
                                                       ^
/opt/homebrew/Cellar/zig/0.16.0_1/lib/zig/std/array_list.zig:606:48: 0x100c38123 in initCapacity (verify-battery)
            try self.ensureTotalCapacityPrecise(gpa, num);
                                               ^
/Users/alex/Project/Zig/weizigo/src/verify_battery.zig:800:60: 0x100beebbf in main (verify-battery)
    var inv_labels = std.ArrayList([]const u8).initCapacity(allocator, invariants.len) catch { note("error: oom\n", .{}); return 3; };
                                                           ^
/opt/homebrew/Cellar/zig/0.16.0_1/lib/zig/std/start.zig:737:30: 0x100be5dc3 in callMain (verify-battery)
    return wrapMain(root.main(.{
                             ^
???:?:?: 0x18b497dff in start (/usr/lib/dyld)

error(DebugAllocator): memory address 0x100f81000 leaked: 
/opt/homebrew/Cellar/zig/0.16.0_1/lib/zig/std/array_list.zig:1235:56: 0x100c35997 in ensureTotalCapacityPrecise (verify-battery)
                const new_memory = try gpa.alignedAlloc(T, alignment, new_capacity);
                                                       ^
/opt/homebrew/Cellar/zig/0.16.0_1/lib/zig/std/array_list.zig:606:48: 0x100c3552b in initCapacity (verify-battery)
            try self.ensureTotalCapacityPrecise(gpa, num);
                                               ^
/Users/alex/Project/Zig/weizigo/src/verify_battery.zig:821:61: 0x100bef2a3 in main (verify-battery)
    var results = std.ArrayList(vb.CheckResult).initCapacity(allocator, invariants.len) catch { note("error: oom\n", .{}); return 3; };
                                                            ^
/opt/homebrew/Cellar/zig/0.16.0_1/lib/zig/std/start.zig:737:30: 0x100be5dc3 in callMain (verify-battery)
    return wrapMain(root.main(.{
                             ^
???:?:?: 0x18b497dff in start (/usr/lib/dyld)

[runner] peak RSS by PID: in 7.7 s
[runner]   pid   88865     824 MB
[runner] peak total CPU by PID: in 7.7 s
[runner]   pid   88865        0:07 (7.52s)
[runner] exit 3 in 7.7 s
